# TLS secrets log file, generated by OpenSSL / Python
SERVER_HANDSHAKE_TRAFFIC_SECRET 2d95f6e695279f25701ab771133943a5ca56e9031b248e93bcdf3d02b31a495d 76c0674c8c505f63b137daf0058a3932f834e80fd81941bcd9132b07623763e0
EXPORTER_SECRET 2d95f6e695279f25701ab771133943a5ca56e9031b248e93bcdf3d02b31a495d ff7ca224f2d6663061dd6b04dbffa91d5a10f0557043c4e09b18770c7827b642
SERVER_TRAFFIC_SECRET_0 2d95f6e695279f25701ab771133943a5ca56e9031b248e93bcdf3d02b31a495d d30dc02ad3d3fde5bce937b6c5daf1a19d30a11228ae4a18838b8237959339b0
CLIENT_HANDSHAKE_TRAFFIC_SECRET 2d95f6e695279f25701ab771133943a5ca56e9031b248e93bcdf3d02b31a495d c40832373b7836a4cca1ee5f33af9c22b94ccf95b929a150f4631ff8e6a3eb97
CLIENT_TRAFFIC_SECRET_0 2d95f6e695279f25701ab771133943a5ca56e9031b248e93bcdf3d02b31a495d fb12b7198cbd99bb1a4f180c0326ce81c499f4e010503427de8604f5dd934c30
SERVER_HANDSHAKE_TRAFFIC_SECRET 129ccb45e53217f389bc6095f33a725786f69bd6b06c544e7815dfcabe6bcd69 1df3ce492fae01bf63c5d12715c22649493d3c8257df8a00703663ac7d47dbf5
EXPORTER_SECRET 129ccb45e53217f389bc6095f33a725786f69bd6b06c544e7815dfcabe6bcd69 3de6c88d449fda8ea3359615477c9cd16f0ebcdfb5aa6b1fe75b297c81904dff
SERVER_TRAFFIC_SECRET_0 129ccb45e53217f389bc6095f33a725786f69bd6b06c544e7815dfcabe6bcd69 9b9f1cc9ca1f26e89a9014e4e29d46012d8049350138323092eda7079abea651
CLIENT_HANDSHAKE_TRAFFIC_SECRET 129ccb45e53217f389bc6095f33a725786f69bd6b06c544e7815dfcabe6bcd69 c7e336b9e05f290b4d526ceb5e27003f75f7365060c7c3ca5e95ff8af5f9ed36
CLIENT_TRAFFIC_SECRET_0 129ccb45e53217f389bc6095f33a725786f69bd6b06c544e7815dfcabe6bcd69 eb8cf3ca177c2ecb0d0873ca428d5a18170daa968a3d1207cd4cca9396302a6e
SERVER_HANDSHAKE_TRAFFIC_SECRET b6b3cbb8f3d068e3a9019ae2bcc336302079791298b7f3d1e5356923f2757c7a 43fdfe1011b66e89eb2393b81de2310a66b150272d3061118c7a4f3750d00619
EXPORTER_SECRET b6b3cbb8f3d068e3a9019ae2bcc336302079791298b7f3d1e5356923f2757c7a 6e3817e4be83d91fd9c8cb28cbd66ae59e856680bc3847f3246e1bd6638c04e8
SERVER_TRAFFIC_SECRET_0 b6b3cbb8f3d068e3a9019ae2bcc336302079791298b7f3d1e5356923f2757c7a 6ea4b64997675900f7105b5a522bf062d27cadb08e14c342e520868e4b7adbf3
CLIENT_HANDSHAKE_TRAFFIC_SECRET b6b3cbb8f3d068e3a9019ae2bcc336302079791298b7f3d1e5356923f2757c7a c0c3b2fe78174516ea0d34c341fc5f81fc4e79842b33e9abc4c88f1d75ef9dc2
CLIENT_TRAFFIC_SECRET_0 b6b3cbb8f3d068e3a9019ae2bcc336302079791298b7f3d1e5356923f2757c7a a47e79dcb040a55b7c0731e3d1b11ca8291775d7f11fb344daf4df4fbd522bab
SERVER_HANDSHAKE_TRAFFIC_SECRET 0e8ad982e30252fb63fa691238854776db8128b906ae227f9820be0a58a21a3b c24ab9bc8ecfe1371744293e003309604b1fbe13c5621341aa716c9dbccabe6c
EXPORTER_SECRET 0e8ad982e30252fb63fa691238854776db8128b906ae227f9820be0a58a21a3b 677a82405e0dfee93e45eae24730093a1d1d22f602a24fee7e529b2cb3bc8197
SERVER_TRAFFIC_SECRET_0 0e8ad982e30252fb63fa691238854776db8128b906ae227f9820be0a58a21a3b b892789920bc9930690d97b34b6bb0bdd6a8f143df9790bf75a84a5cd7b00ecb
CLIENT_HANDSHAKE_TRAFFIC_SECRET 0e8ad982e30252fb63fa691238854776db8128b906ae227f9820be0a58a21a3b 22b9e1793af42f500d06959f3497e531cd7c035f1a4971e68ba8f937d2757d3a
CLIENT_TRAFFIC_SECRET_0 0e8ad982e30252fb63fa691238854776db8128b906ae227f9820be0a58a21a3b 712fa4acdf2267d738bab2ec418429be163c3bcbb14ca81f01cf9363a82301ba
SERVER_HANDSHAKE_TRAFFIC_SECRET f2f39a8cdcc75ff2963fb4655625577f3203f7521da0f2c29ca996689d88c228 5003eaf12590dcedd16fc38b1c333e356831b66af8700ea4ae4718c71973b6ac
EXPORTER_SECRET f2f39a8cdcc75ff2963fb4655625577f3203f7521da0f2c29ca996689d88c228 ffe559f68d8f03ed687d9e9fdfcdbd2c50e2530a3aacedecd394ac12de6ad6a7
SERVER_TRAFFIC_SECRET_0 f2f39a8cdcc75ff2963fb4655625577f3203f7521da0f2c29ca996689d88c228 9390128044a8044bb9439622fc151de66cef10b03d17bfc03345bd8add8a8dbb
CLIENT_HANDSHAKE_TRAFFIC_SECRET f2f39a8cdcc75ff2963fb4655625577f3203f7521da0f2c29ca996689d88c228 0fa769bca32df6f2d8c51f6cf7f77df99fafbd63db8a9e8df6b81373546bb6c9
CLIENT_TRAFFIC_SECRET_0 f2f39a8cdcc75ff2963fb4655625577f3203f7521da0f2c29ca996689d88c228 1b61ddc53ca197e4faa800c2bbd186a975109955d98ce7969496a19abf93ea45
SERVER_HANDSHAKE_TRAFFIC_SECRET 3a9fbe46fee342fee83a3f1ac1582473fadcd982384193ba4e990eb877ef637d 5e56aa4c4ef2d100987b0c9b3377edd110b36086c4023a8387593ff289fca787
EXPORTER_SECRET 3a9fbe46fee342fee83a3f1ac1582473fadcd982384193ba4e990eb877ef637d 27489ee1f494e3740d9a962ed8b30fc91373dbd129852051ed5909e2a5d2f4b0
SERVER_TRAFFIC_SECRET_0 3a9fbe46fee342fee83a3f1ac1582473fadcd982384193ba4e990eb877ef637d 6c4ce8a333d7aa1d3603898cda83485f8b1dd46660e0fc0dc6b4dbb1135f734a
CLIENT_HANDSHAKE_TRAFFIC_SECRET 3a9fbe46fee342fee83a3f1ac1582473fadcd982384193ba4e990eb877ef637d b1e13f53a129b9df2e6a49c4507ec7e39d208b80bcef4e5b9bfac5c0763a8a9c
CLIENT_TRAFFIC_SECRET_0 3a9fbe46fee342fee83a3f1ac1582473fadcd982384193ba4e990eb877ef637d 29325e16ea753b988182774e995e83228b0c09ab10678091c1bafe70862cd8d7
SERVER_HANDSHAKE_TRAFFIC_SECRET 3041faf1f6f274ad5bfeaf55d3ea24ecafa8f82e5d5d05c22e80ac0521b937a5 f365061cc2b369a20fbb895836a93d9d0a447ccd04952808ff53b3dd2b636f5a
EXPORTER_SECRET 3041faf1f6f274ad5bfeaf55d3ea24ecafa8f82e5d5d05c22e80ac0521b937a5 8c00b251c94d51c814a1209be1b64905ba5b3a50724c99707f6121bc6cfed3cc
SERVER_TRAFFIC_SECRET_0 3041faf1f6f274ad5bfeaf55d3ea24ecafa8f82e5d5d05c22e80ac0521b937a5 800cc796a4e0993fbbf5ef92425b134f3ecc9f7cdc4ee315e9e9dd1dab95ab08
CLIENT_HANDSHAKE_TRAFFIC_SECRET 3041faf1f6f274ad5bfeaf55d3ea24ecafa8f82e5d5d05c22e80ac0521b937a5 9784d3acacc2d59b9ace3c80f33c23b115bb4fe910c8ff123d190cd1aa6d2fbd
CLIENT_TRAFFIC_SECRET_0 3041faf1f6f274ad5bfeaf55d3ea24ecafa8f82e5d5d05c22e80ac0521b937a5 d987db4f4e95b586dac7fd063e2c068d44b156fffda5ea34bac2f417e5df5be7
SERVER_HANDSHAKE_TRAFFIC_SECRET 7daeb670dbc5a3f6c221bc772f8a25605f35a125f7c6897deabe121c93fa7957 347660f20f86e658e10049562039da7ea034adf1317583bc34af94598fae12a9
EXPORTER_SECRET 7daeb670dbc5a3f6c221bc772f8a25605f35a125f7c6897deabe121c93fa7957 2e11d2a8e8f676105fb8fd69ab7db1f883ceddeebd6a4d50be3c6bdec9a5a585
SERVER_TRAFFIC_SECRET_0 7daeb670dbc5a3f6c221bc772f8a25605f35a125f7c6897deabe121c93fa7957 0c6c6ee9b61567dd0c10081bbd833cb887c94a428c2984439d5d43d52b5c47a4
CLIENT_HANDSHAKE_TRAFFIC_SECRET 7daeb670dbc5a3f6c221bc772f8a25605f35a125f7c6897deabe121c93fa7957 a2cec2c61fdb7150c785f754d0a2f28ad36cae184081bce57591d8eb56f14085
CLIENT_TRAFFIC_SECRET_0 7daeb670dbc5a3f6c221bc772f8a25605f35a125f7c6897deabe121c93fa7957 e4f6eee6af954b543398e56d005403979ea143b4bde486e76f9cfb8b30de5157
SERVER_HANDSHAKE_TRAFFIC_SECRET 70be67fb149f0e1239c36e67d02c6f328c203e960ccaf42e1a01f8ba3af24427 8df4435c8f1ad07ff4ba7e817934fb61906de4552a44698d60b37b975da8c729
EXPORTER_SECRET 70be67fb149f0e1239c36e67d02c6f328c203e960ccaf42e1a01f8ba3af24427 d03950a4fab3e7d5249229a068a0c562b6f7f1b07ae4fedbbd781e54af0d1fcf
SERVER_TRAFFIC_SECRET_0 70be67fb149f0e1239c36e67d02c6f328c203e960ccaf42e1a01f8ba3af24427 7b2c7c33deab3ab60e4fa340de711a49a6e7092ba74ea748cfa937f577e79a81
CLIENT_HANDSHAKE_TRAFFIC_SECRET 70be67fb149f0e1239c36e67d02c6f328c203e960ccaf42e1a01f8ba3af24427 1a22cd97aa3cc2a63d7aa60bd4ec4c0eb8fb80b3661247576410240faf58b863
CLIENT_TRAFFIC_SECRET_0 70be67fb149f0e1239c36e67d02c6f328c203e960ccaf42e1a01f8ba3af24427 b9668fff93da124794b714c3f6bcb149587251fd09562da62bb4a23060e90dad
SERVER_HANDSHAKE_TRAFFIC_SECRET 06f57a07a94bcec7bed4e05e535dc2c0dfff6cd25779604e716654b6cc8be352 825112c260cc1ade5f781c0432e14d4b9b85dfc17e90a7df337b1ccb27fe1c3a
SERVER_HANDSHAKE_TRAFFIC_SECRET 5759ca15cf96f9f053b7db472a866f876f15d29db62ac35c8f8b31a3376524b1 b0c99dcafad35fa6c7a9d306ab30535a2eb9ccb5959312a89ba8cac318879ade
EXPORTER_SECRET 5759ca15cf96f9f053b7db472a866f876f15d29db62ac35c8f8b31a3376524b1 8d979749d3afa4233072bed16c7e59fe3e1e22dc4b564c25cac10373d3108290
SERVER_TRAFFIC_SECRET_0 5759ca15cf96f9f053b7db472a866f876f15d29db62ac35c8f8b31a3376524b1 556202985239122193f39fde0e1ede4ab723d6e77e638f2cdcf098c3fa209b66
CLIENT_HANDSHAKE_TRAFFIC_SECRET 5759ca15cf96f9f053b7db472a866f876f15d29db62ac35c8f8b31a3376524b1 14a1e3cd92013e7f2996a6fc2918c856394eaba8d8f11f135ae84a852d283cd6
CLIENT_TRAFFIC_SECRET_0 5759ca15cf96f9f053b7db472a866f876f15d29db62ac35c8f8b31a3376524b1 218b68e2b568e54dd63be02c29f83c1e48e21d36a0b2257f581f5348142a16d8
SERVER_HANDSHAKE_TRAFFIC_SECRET 4ca06009b998e42ec2bbb2520757449e102499d41a381fd247a602f587cee1cc 7da6d0462837646794f3ec31f2e9176605450da94359f297d25100bb4fa9c3f4
EXPORTER_SECRET 4ca06009b998e42ec2bbb2520757449e102499d41a381fd247a602f587cee1cc f4e6f5532ff96c4a7a52c0063b743474dd58cf9e31c4dc5251296a7732ee367e
SERVER_TRAFFIC_SECRET_0 4ca06009b998e42ec2bbb2520757449e102499d41a381fd247a602f587cee1cc 72448e4c3bb57704b89aaf72d7802edf905691bbb43527dacdf84f07c5dc3a53
CLIENT_HANDSHAKE_TRAFFIC_SECRET 4ca06009b998e42ec2bbb2520757449e102499d41a381fd247a602f587cee1cc 06479b85a3b6907ad96c41aeb557cc388ae289bd7ad73bb174191e0cfad78a98
CLIENT_TRAFFIC_SECRET_0 4ca06009b998e42ec2bbb2520757449e102499d41a381fd247a602f587cee1cc dd69f7bbdc637e384d0dcfb3a8a2176a8df4391b28ad4bc6629a9c8a99db3f74
SERVER_HANDSHAKE_TRAFFIC_SECRET aee591d93168c20ea9154630ffb3de13d0e6405c06b2748aa8009ed69ce4a84d d26dc2b386517d688f4b7d0d98bf400314873b37c7689651d486ccccfa7e79d1
EXPORTER_SECRET aee591d93168c20ea9154630ffb3de13d0e6405c06b2748aa8009ed69ce4a84d b051dc6a25957a30c987a9efd2d9a4894d23c2f7cb5bea60a4f8d99ca5a29bee
SERVER_TRAFFIC_SECRET_0 aee591d93168c20ea9154630ffb3de13d0e6405c06b2748aa8009ed69ce4a84d 77dbf564f175b7bc8efaf61d9e553e4a49b616a6aeb1488cf6de98d432ff8bf6
CLIENT_HANDSHAKE_TRAFFIC_SECRET aee591d93168c20ea9154630ffb3de13d0e6405c06b2748aa8009ed69ce4a84d ac9779b741261d948c00b89cc447e5249144df079e119ba41f4ceeeb6966abf9
CLIENT_TRAFFIC_SECRET_0 aee591d93168c20ea9154630ffb3de13d0e6405c06b2748aa8009ed69ce4a84d 7e4a0414675b046edb60828463bb5a59dd3bc83eff24ff183e8d51d43897f474
SERVER_HANDSHAKE_TRAFFIC_SECRET 1ed5d33aafaa06640e70bcaec2ade822c75248fcfefaedc5eeec62fadf78007e 783ee5bb6374e02fe598d733f0276a508e9a67cb1b1829bd80dc90bac09990df
EXPORTER_SECRET 1ed5d33aafaa06640e70bcaec2ade822c75248fcfefaedc5eeec62fadf78007e ace4b9d6b09502b0f1eb0b04befb4f5999c29419f1ee7d574989b05e922549aa
SERVER_TRAFFIC_SECRET_0 1ed5d33aafaa06640e70bcaec2ade822c75248fcfefaedc5eeec62fadf78007e 3b5b3f14127fd8ad625b0764751d31eb905ba1777b816247c24a48f25cbd7b0a
CLIENT_HANDSHAKE_TRAFFIC_SECRET 1ed5d33aafaa06640e70bcaec2ade822c75248fcfefaedc5eeec62fadf78007e fe65cb7954af71d8fc683931cf3755341405a748dc0c0ae84a2b4d345fbe4431
CLIENT_TRAFFIC_SECRET_0 1ed5d33aafaa06640e70bcaec2ade822c75248fcfefaedc5eeec62fadf78007e 3e6471620710c32b46d09b51702cd949e204d36460950e60c321a70a90291a92
SERVER_HANDSHAKE_TRAFFIC_SECRET fd349ba90dafe8eeb14d79f5dfe5ee84778c23fa4838cdebe59b95e7560c3e93 2ad7eebb7938c1cca2d3376edbee1d5a2833580aeb9a86494d08f3785386cdc5
EXPORTER_SECRET fd349ba90dafe8eeb14d79f5dfe5ee84778c23fa4838cdebe59b95e7560c3e93 cc890e157abac23b009a3508c63dd92317fe930797db4e33f412b7c665bdd757
SERVER_TRAFFIC_SECRET_0 fd349ba90dafe8eeb14d79f5dfe5ee84778c23fa4838cdebe59b95e7560c3e93 ea55e341fddaa3cd740af86d8662fbdf733ea7b51005eefbe681a9940d7b81b5
CLIENT_HANDSHAKE_TRAFFIC_SECRET fd349ba90dafe8eeb14d79f5dfe5ee84778c23fa4838cdebe59b95e7560c3e93 49edfd61b6b5a3a03dc427d1b59b76c9060b14bf32c5d2e003c6b15c067a75e3
CLIENT_TRAFFIC_SECRET_0 fd349ba90dafe8eeb14d79f5dfe5ee84778c23fa4838cdebe59b95e7560c3e93 b392679b236e52c07ed3d7283a4af36f58afdffe5aafa7147b9452fa117a66eb
SERVER_HANDSHAKE_TRAFFIC_SECRET 4a3b428f72b7ead3397504e94c4c6808c9a1a638e3b449a020e32eeae67228c1 0eee851dfd81f860e6d14fc6157b1c97de5c9dd0575412fa49b7ef7ac1ef55ad
EXPORTER_SECRET 4a3b428f72b7ead3397504e94c4c6808c9a1a638e3b449a020e32eeae67228c1 a82e01d2dd778f9269e88307ad18a3410573b681b8fa548b2668584187d7b331
SERVER_TRAFFIC_SECRET_0 4a3b428f72b7ead3397504e94c4c6808c9a1a638e3b449a020e32eeae67228c1 51e1c2a51d8f56ffd38e3683692f51ee9ca1a20022dda83aac3c4e28dd9b771f
CLIENT_HANDSHAKE_TRAFFIC_SECRET 4a3b428f72b7ead3397504e94c4c6808c9a1a638e3b449a020e32eeae67228c1 ba8ee339f7b78e985635c2f249c51fba737d7004319e22b8ca67d7074111fc9c
CLIENT_TRAFFIC_SECRET_0 4a3b428f72b7ead3397504e94c4c6808c9a1a638e3b449a020e32eeae67228c1 33910910c3d5531394b24d9da490669bb47ee9ad1d213776d926e46b8874ddcd
SERVER_HANDSHAKE_TRAFFIC_SECRET b977aec45fdff0fc7f6f671340eeb7a7450999caeb8414f9010b41cc9aa3457a af608fd41aeea4791901261e32078aca873f3e4b67b06c663f4bef71d57570b7
EXPORTER_SECRET b977aec45fdff0fc7f6f671340eeb7a7450999caeb8414f9010b41cc9aa3457a d7f634bec89c6716948e0f302b608e7cfc516e6520d320834cc35d5613cfed22
SERVER_TRAFFIC_SECRET_0 b977aec45fdff0fc7f6f671340eeb7a7450999caeb8414f9010b41cc9aa3457a 4d2b350647114cef9dc362a0520d0a9010e5ea5379cd6aae4863c06a865f98ba
CLIENT_HANDSHAKE_TRAFFIC_SECRET b977aec45fdff0fc7f6f671340eeb7a7450999caeb8414f9010b41cc9aa3457a 64ac1cc5f1595d4c6c11f16a5acb4dbe5f5fe1834aa71cd9717fd4ac83a452b0
CLIENT_TRAFFIC_SECRET_0 b977aec45fdff0fc7f6f671340eeb7a7450999caeb8414f9010b41cc9aa3457a c54d54e4bb01ba5cfbd0611240a76cbf00c6abc2794d6e08b85904318ac6d6ec
SERVER_HANDSHAKE_TRAFFIC_SECRET 50b94d7051c747b96a6107531eef444c42107a46b0ac909e081518e3893e99f5 2ab7f4ed734468da13e63ca43602f61597db0784791bc7d097f193c6e40b2369
EXPORTER_SECRET 50b94d7051c747b96a6107531eef444c42107a46b0ac909e081518e3893e99f5 d855cd967e11262c5ef0144ecb33a83e96d508de69833c5ff25aafbe99c36056
SERVER_TRAFFIC_SECRET_0 50b94d7051c747b96a6107531eef444c42107a46b0ac909e081518e3893e99f5 b394ab682569b367b1fcddc871c5a979dddc0732fe892607e92f1ace8f0d384e
CLIENT_HANDSHAKE_TRAFFIC_SECRET 50b94d7051c747b96a6107531eef444c42107a46b0ac909e081518e3893e99f5 5f6d9b4382920f41be3b03050b9ef93e8d78594a9b323d6f86a8615489df0a02
CLIENT_TRAFFIC_SECRET_0 50b94d7051c747b96a6107531eef444c42107a46b0ac909e081518e3893e99f5 44b820144965a13420ac92b0ff5b1dc57d6064b5fd9224e30002fcfc5a3e1744
SERVER_HANDSHAKE_TRAFFIC_SECRET fd4962e641f8b3be6482f215fa34dd1cbd94ae1dfbe856c62953df1f551d81d5 6f4a55cd3cb57322fbf7b8a4658ced6f7050ce0c42677b2f9d76e7b76102469f
EXPORTER_SECRET fd4962e641f8b3be6482f215fa34dd1cbd94ae1dfbe856c62953df1f551d81d5 081e93053105580249df4066a4b60a39e59964aec268c78351238f51b6f8e22c
SERVER_TRAFFIC_SECRET_0 fd4962e641f8b3be6482f215fa34dd1cbd94ae1dfbe856c62953df1f551d81d5 350498d060313927c556bdca257b72f3b46d23894ab4be1c44864cad81b3375d
CLIENT_HANDSHAKE_TRAFFIC_SECRET fd4962e641f8b3be6482f215fa34dd1cbd94ae1dfbe856c62953df1f551d81d5 5de7e66b449be9cfece4c0ce8e57616ae0954b921296d8c5739ed1273794acf2
CLIENT_TRAFFIC_SECRET_0 fd4962e641f8b3be6482f215fa34dd1cbd94ae1dfbe856c62953df1f551d81d5 38b4f15174135ac6de0df2fb1bf7950c85573dd7176f4dbc1b2b560c7b7153b8
SERVER_HANDSHAKE_TRAFFIC_SECRET ed8a85dac883edddf5f71edbdcc6161585b8aab2efb688fbe122774c3ba7cda2 b76c51f4f0ee7a8da3f83118ec96d1c25b7a3b48f8cd07f991102f925f094d21
EXPORTER_SECRET ed8a85dac883edddf5f71edbdcc6161585b8aab2efb688fbe122774c3ba7cda2 3647b8ed0959a416db260796391657577626a4f07e5bf63f705e321ebcebf11d
SERVER_TRAFFIC_SECRET_0 ed8a85dac883edddf5f71edbdcc6161585b8aab2efb688fbe122774c3ba7cda2 ff2d6533deff530bdb9cbedb6721610af07a593f0d4cdceb5fd78eb4809bcc84
CLIENT_HANDSHAKE_TRAFFIC_SECRET ed8a85dac883edddf5f71edbdcc6161585b8aab2efb688fbe122774c3ba7cda2 069dab5356317a6f9d1c454723d707dc7a59850c3937d347570f49417347c21f
CLIENT_TRAFFIC_SECRET_0 ed8a85dac883edddf5f71edbdcc6161585b8aab2efb688fbe122774c3ba7cda2 bc2a5c2a8a4dd982be04022ffb8c6d891106e81b24a9881a61f198326130a78a
SERVER_HANDSHAKE_TRAFFIC_SECRET fdd4f6deab607f97d4145ae34e7cc9797bf85c7ec079dc2559e1df9ec9ada6ff 1fe08911092c55d2c73030f25ad149da143e6c47bbbbefc3b973e99667b22b69
EXPORTER_SECRET fdd4f6deab607f97d4145ae34e7cc9797bf85c7ec079dc2559e1df9ec9ada6ff 902bca36a405ee687b8fa95e66ee17ecaf91764f1122e563dc94e8e35b1d1c4b
SERVER_TRAFFIC_SECRET_0 fdd4f6deab607f97d4145ae34e7cc9797bf85c7ec079dc2559e1df9ec9ada6ff f69b447e8e3444917176ebf8aed893c8e13fe6c766748ede5fe9be64d184b6d1
CLIENT_HANDSHAKE_TRAFFIC_SECRET fdd4f6deab607f97d4145ae34e7cc9797bf85c7ec079dc2559e1df9ec9ada6ff 2c81c8b0a7bb561a80fe182dbf390b8f747560b833da4ab6218796eda7bbe02a
CLIENT_TRAFFIC_SECRET_0 fdd4f6deab607f97d4145ae34e7cc9797bf85c7ec079dc2559e1df9ec9ada6ff e6eb15471ea8532ac11db2542e9a79abe52ae183835de16d84ef933cb12629e8
SERVER_HANDSHAKE_TRAFFIC_SECRET edd01589ed321d2f33ffd2ddda864b4e0fc98919afdd1e622a39eb401231438d beb94391181aed86afff33fd4d0e0d80946052565da653be7becf7b332eca7b2
EXPORTER_SECRET edd01589ed321d2f33ffd2ddda864b4e0fc98919afdd1e622a39eb401231438d 8e00c4c1b1cbf8edebbc2d9de811ba841b427568ad37a4b217f1641e0ede6b91
SERVER_TRAFFIC_SECRET_0 edd01589ed321d2f33ffd2ddda864b4e0fc98919afdd1e622a39eb401231438d 1874b3b5a22bf527ed16678a0dfe20fa8fe8fff6f85273e6b99ab38d882c3f7f
CLIENT_HANDSHAKE_TRAFFIC_SECRET edd01589ed321d2f33ffd2ddda864b4e0fc98919afdd1e622a39eb401231438d 2a40519434090ef02c09c40cf5033e56c945ccfb095969a38cf526fb4394f170
CLIENT_TRAFFIC_SECRET_0 edd01589ed321d2f33ffd2ddda864b4e0fc98919afdd1e622a39eb401231438d 08f29ac1e2b5feadb4a4fff8e83971011a8d7ccd43906bb33e7942e04a4ebfb6
SERVER_HANDSHAKE_TRAFFIC_SECRET 6f07c59c2fcff95f8eb04d95ec2e8186b997e451f00fcc509d3e36f42874264a a57b13d4d365f41a04a14986606f5e8873a9ce5e1f358d19655de233945751be
EXPORTER_SECRET 6f07c59c2fcff95f8eb04d95ec2e8186b997e451f00fcc509d3e36f42874264a 10ea3bfbc1be1bdf179b4b0ba048169946d08257dd4e89de0214b83d3a8611d9
SERVER_TRAFFIC_SECRET_0 6f07c59c2fcff95f8eb04d95ec2e8186b997e451f00fcc509d3e36f42874264a 551f2412ba849d7a3acd87b107cac0277acb2fd645a7c4e4faaa5f857a798d92
CLIENT_HANDSHAKE_TRAFFIC_SECRET 6f07c59c2fcff95f8eb04d95ec2e8186b997e451f00fcc509d3e36f42874264a 51cb35bc6c68e7324fad32a7a1814b080d70ac5956bf1cb7bbc8e6c829515c77
CLIENT_TRAFFIC_SECRET_0 6f07c59c2fcff95f8eb04d95ec2e8186b997e451f00fcc509d3e36f42874264a 8fa43448baad50e82f0add0d269f8ae95af92f66d45cf9f2aad1f7dcd95ca459
SERVER_HANDSHAKE_TRAFFIC_SECRET aed125800815aa9f489445192f6dd9c1ad114fa096eb6a74180e62854f205487 91fe357de9be11f7fe1cae8c18e790d758edf5ca7a46bfb43ab4a2cf075ded21
EXPORTER_SECRET aed125800815aa9f489445192f6dd9c1ad114fa096eb6a74180e62854f205487 c811472aced3402d17ff4afa1ce32a3670e08237d3c2aa755c26cff0d431d865
SERVER_TRAFFIC_SECRET_0 aed125800815aa9f489445192f6dd9c1ad114fa096eb6a74180e62854f205487 8b310ee3bddf794a14259dd0f699e78bdc2c5dc974ae9e341eef4b2130277622
CLIENT_HANDSHAKE_TRAFFIC_SECRET aed125800815aa9f489445192f6dd9c1ad114fa096eb6a74180e62854f205487 48c9a253385ce9c11c7111ec582fae00f267e60098cdcce679d7a3dd855ba776
CLIENT_TRAFFIC_SECRET_0 aed125800815aa9f489445192f6dd9c1ad114fa096eb6a74180e62854f205487 25926354695df1dc8e7e6723dd46cfbd148fc8152bb72e3e506b4c496ea5170b
SERVER_HANDSHAKE_TRAFFIC_SECRET 896f3d6b335a176f5871ff25f41da3df67c3e50c1794c06d1d260249c3c68105 8df44394a12b2c324580f7632bebb29261f40c540356f7d2eaaaea4dc15dd295
EXPORTER_SECRET 896f3d6b335a176f5871ff25f41da3df67c3e50c1794c06d1d260249c3c68105 c0b4a3874f241d1985b439ffc354f5435abb4139c85fbef643b5409e7026955e
SERVER_TRAFFIC_SECRET_0 896f3d6b335a176f5871ff25f41da3df67c3e50c1794c06d1d260249c3c68105 568d5b515a7a5560d6781d622278fc40f3a47e7e6da0b9652b8a7d38ba87babb
CLIENT_HANDSHAKE_TRAFFIC_SECRET 896f3d6b335a176f5871ff25f41da3df67c3e50c1794c06d1d260249c3c68105 963d4e7714c7e24d29086da8d8bd20fbc66405e43cedd0821b2d04bba0d76a65
CLIENT_TRAFFIC_SECRET_0 896f3d6b335a176f5871ff25f41da3df67c3e50c1794c06d1d260249c3c68105 f9bd2536809e5da006e6c95e87db5ef9b00086d7bbe3c8b28780d1b5c11a9eb2
SERVER_HANDSHAKE_TRAFFIC_SECRET 4a9de168f0757de792e45f51870c8c3f16295c5442cb6d24d7e963db705c98d5 cea695d6fea601e38cd933b04ef59c8b5061fba55fab162a750a9599765c04b9
EXPORTER_SECRET 4a9de168f0757de792e45f51870c8c3f16295c5442cb6d24d7e963db705c98d5 954c2f60dc07c60ddc6ee3ad519564e00a3400b1017368f4760133023aeb52c0
SERVER_TRAFFIC_SECRET_0 4a9de168f0757de792e45f51870c8c3f16295c5442cb6d24d7e963db705c98d5 5f62a5da170ba3f0f87adb6e54492d99409e0a57101ad9a87ab6b8692843494d
CLIENT_HANDSHAKE_TRAFFIC_SECRET 4a9de168f0757de792e45f51870c8c3f16295c5442cb6d24d7e963db705c98d5 f434c24e69889f5b6e4b089c1bd99532be2fa0ace50dd571d5db9b982de6578f
CLIENT_TRAFFIC_SECRET_0 4a9de168f0757de792e45f51870c8c3f16295c5442cb6d24d7e963db705c98d5 85f8dff90473507c009a212f1fd84a5c87440c349e16bc31bc7a97b154f27abd
SERVER_HANDSHAKE_TRAFFIC_SECRET 49dd4328c7f5a874e9baa48eea7396ffbbca52f66e009a05162b684aa5170217 4b1a2ff67eb48686aea239e21a9422684da7b50e575680dec77f104479fc1463
EXPORTER_SECRET 49dd4328c7f5a874e9baa48eea7396ffbbca52f66e009a05162b684aa5170217 aa46a55a2381dcbedf26811f86724f4667ad8e19dd37125ed446c542656edef0
SERVER_TRAFFIC_SECRET_0 49dd4328c7f5a874e9baa48eea7396ffbbca52f66e009a05162b684aa5170217 5995c7ba702829734c4b4b92715d278cd95f3f2eb90d6987a0b8427cb2cd0b27
CLIENT_HANDSHAKE_TRAFFIC_SECRET 49dd4328c7f5a874e9baa48eea7396ffbbca52f66e009a05162b684aa5170217 7c8e902b9617a48d72271f7ca4bd0fd3d7632b0a871234582cca6fba04e4deeb
CLIENT_TRAFFIC_SECRET_0 49dd4328c7f5a874e9baa48eea7396ffbbca52f66e009a05162b684aa5170217 66596e40b7113deee7c01cc8f56d216678cb87e5121de44bb001a2840ff30185
SERVER_HANDSHAKE_TRAFFIC_SECRET 5475bdefbb0d6a0829aa38ee1e14519bcce869d161a42f9477a74cc58d594cb4 fffd7e37852a7ea0ddac1d7f75d86f87bf05f585521f1aa2614dcfd4b804cf43
EXPORTER_SECRET 5475bdefbb0d6a0829aa38ee1e14519bcce869d161a42f9477a74cc58d594cb4 2242e5bfb8f7d81e64e2e4ff8e84786e53fbb591a01453a920809a27112ceab1
SERVER_TRAFFIC_SECRET_0 5475bdefbb0d6a0829aa38ee1e14519bcce869d161a42f9477a74cc58d594cb4 5a230aefe07962478b65490684605f723bddcca95942662eca2f7424fa1a9a75
CLIENT_HANDSHAKE_TRAFFIC_SECRET 5475bdefbb0d6a0829aa38ee1e14519bcce869d161a42f9477a74cc58d594cb4 4fdeb6f825cbdc1897c5e365e4d69bc48ca1a18b7ce60e0b8052adb0731108c1
CLIENT_TRAFFIC_SECRET_0 5475bdefbb0d6a0829aa38ee1e14519bcce869d161a42f9477a74cc58d594cb4 50977cccd794d962880d49c7869b4a0bc2a300a3c65015602afd949bb0248e25
SERVER_HANDSHAKE_TRAFFIC_SECRET c44a0c16c3f3ce5c1b7f8685c39e287a77e054f2032b5a3051ead5b1d038093b 674710053eb4431f4a511aa76f00ff3057a2611be5ebf17138b898b476ce7ba2
EXPORTER_SECRET c44a0c16c3f3ce5c1b7f8685c39e287a77e054f2032b5a3051ead5b1d038093b d2bea4597eb562d707ca2e90f5e689a5850409380eba3d7de9d9f0bbcef3d2e9
SERVER_TRAFFIC_SECRET_0 c44a0c16c3f3ce5c1b7f8685c39e287a77e054f2032b5a3051ead5b1d038093b 446a803374c61b9e21521ddaae8eddd3961e58be92a419e477042853965ee068
CLIENT_HANDSHAKE_TRAFFIC_SECRET c44a0c16c3f3ce5c1b7f8685c39e287a77e054f2032b5a3051ead5b1d038093b 3b4cb69776b76b9dd5ee192cfa5b80e50356670cea654c473781e00dc9c6c7cb
CLIENT_TRAFFIC_SECRET_0 c44a0c16c3f3ce5c1b7f8685c39e287a77e054f2032b5a3051ead5b1d038093b f46ee6eab698f580ac9a01e71e1af67873ba1ad007eaeff3b683ed191d02ce3b
